﻿
> frontend@0.0.0 build
> vite build

[36mvite v8.0.16 [32mbuilding client environment for production...[36m[39m
[2K
transforming...Γ£ô 2151 modules transformed.
rendering chunks...
computing gzip size...
dist/index.html                              0.70 kB Γöé gzip:   0.42 kB
dist/assets/pdf.worker.min-qwK7q_zL.mjs  1,046.21 kB
dist/assets/index-mHsMf9im.css              50.59 kB Γöé gzip:   9.67 kB
dist/assets/index-Dw1aDZNv.js            1,184.58 kB Γöé gzip: 347.86 kB

node.exe : [33m[plugin builtin:vite-reporter] 
At C:\Program Files\nodejs\npm.ps1:29 char:3
+   & $NODE_EXE $NPM_CLI_JS $args
+   ~~~~~~~~~~~~~~~~~~~~~~~~~~~~~
    + CategoryInfo          : NotSpecified: ([33m[plugin builtin:vite-reporter] :String) [], RemoteException
    + FullyQualifiedErrorId : NativeCommandError
 
(!) Some chunks are larger than 500 kB after minification. Consider:
- Using dynamic import() to code-split the application
- Use build.rolldownOptions.output.codeSplitting to improve chunking: 
https://rolldown.rs/reference/OutputOptions.codeSplitting
- Adjust chunk size limit for this warning via build.chunkSizeWarningLimit.[39m
[31mΓ£ù[39m Build failed in 757ms
[31merror during build:
[31mBuild failed with 1 error:

Error: [vite]: Rolldown failed to resolve import "react-pdf/dist/esm/Page/AnnotationLayer.css" from 
"C:/Users/Akarsh/Desktop/RAG/diligenceai/frontend/src/components/PdfViewer.jsx".
This is most likely unintended because it can break your application at runtime.
If you do want to externalize this module explicitly add it to
`build.rolldownOptions.external`
    at viteLog 
(file:///C:/Users/Akarsh/Desktop/RAG/diligenceai/frontend/node_modules/vite/dist/node/chunks/node.js:33346:57)
    at file:///C:/Users/Akarsh/Desktop/RAG/diligenceai/frontend/node_modules/vite/dist/node/chunks/node.js:33382:71
    at onwarn 
(file:///C:/Users/Akarsh/Desktop/RAG/diligenceai/frontend/node_modules/@vitejs/plugin-react/dist/index.js:40:7)
    at file:///C:/Users/Akarsh/Desktop/RAG/diligenceai/frontend/node_modules/vite/dist/node/chunks/node.js:33382:28
    at onRollupLog 
(file:///C:/Users/Akarsh/Desktop/RAG/diligenceai/frontend/node_modules/vite/dist/node/chunks/node.js:33377:63)
    at onLog 
(file:///C:/Users/Akarsh/Desktop/RAG/diligenceai/frontend/node_modules/vite/dist/node/chunks/node.js:33146:4)
    at file:///C:/Users/Akarsh/Desktop/RAG/diligenceai/frontend/node_modules/rolldown/dist/shared/rolldown-build-CrPk_l
Ze.mjs:50:26
    at logger (file:///C:/Users/Akarsh/Desktop/RAG/diligenceai/frontend/node_modules/rolldown/dist/shared/rolldown-buil
d-CrPk_lZe.mjs:41:3)[31m
    at aggregateBindingErrorsIntoJsError 
(file:///C:/Users/Akarsh/Desktop/RAG/diligenceai/frontend/node_modules/rolldown/dist/shared/error-BuvQYXuZ.mjs:48:18)
    at unwrapBindingResult 
(file:///C:/Users/Akarsh/Desktop/RAG/diligenceai/frontend/node_modules/rolldown/dist/shared/error-BuvQYXuZ.mjs:18:128)
    at #build (file:///C:/Users/Akarsh/Desktop/RAG/diligenceai/frontend/node_modules/rolldown/dist/shared/rolldown-buil
d-CrPk_lZe.mjs:3246:34)
    at async buildEnvironment 
(file:///C:/Users/Akarsh/Desktop/RAG/diligenceai/frontend/node_modules/vite/dist/node/chunks/node.js:33253:64)
    at async Object.build 
(file:///C:/Users/Akarsh/Desktop/RAG/diligenceai/frontend/node_modules/vite/dist/node/chunks/node.js:33675:19)
    at async Object.buildApp 
(file:///C:/Users/Akarsh/Desktop/RAG/diligenceai/frontend/node_modules/vite/dist/node/chunks/node.js:33672:153)
    at async CAC.<anonymous> 
(file:///C:/Users/Akarsh/Desktop/RAG/diligenceai/frontend/node_modules/vite/dist/node/cli.js:777:3) {
  errors: [Getter/Setter]
}[39m
